(---------------------------------------------------------------------)
(                                                                     )
(    Allegro Netrev Import Logic                                      )
(                                                                     )
(    Drawing          : board1.brd                                    )
(    Software Version : 25.1S020                                      )
(    Date/Time        : Thu Mar 19 20:57:05 2026                      )
(                                                                     )
(---------------------------------------------------------------------)


------ Directives ------------

Ripup etch:                  No
Ripup delete first segment:  No
Ripup retain bondwire:       No
Ripup symbols:               Always
Missing symbol has error:    No
DRC update:                  Yes
Schematic directory:         'D:\OrCAD_Projects\Digital_Voltmeter\NETLIST'
Design Directory:            'D:/OrCAD_Projects/Digital_Voltmeter'
Old design name:             'board1.brd'
New design name:             'board1.brd'

CmdLine: netrev -i D:\OrCAD_Projects\Digital_Voltmeter\NETLIST -y 1 -h -q netrev_constraint_report.xml D:/OrCAD_Projects/Digital_Voltmeter/#Taaaanb22232.tmp

------ Preparing to read pst files ------

Starting to read D:/OrCAD_Projects/Digital_Voltmeter/NETLIST/pstchip.dat 
   Finished reading D:/OrCAD_Projects/Digital_Voltmeter/NETLIST/pstchip.dat (00:00:00.01)
Starting to read D:/OrCAD_Projects/Digital_Voltmeter/NETLIST/pstxprt.dat 
   Finished reading D:/OrCAD_Projects/Digital_Voltmeter/NETLIST/pstxprt.dat (00:00:00.00)
Starting to read D:/OrCAD_Projects/Digital_Voltmeter/NETLIST/pstxnet.dat 
   Finished reading D:/OrCAD_Projects/Digital_Voltmeter/NETLIST/pstxnet.dat (00:00:00.00)

------ Oversights/Warnings/Errors ------


------ Library Paths ------
MODULEPATH =  . 
           c:/cadence/orcadx_25.1/share/local/pcb/modules 
           D:/OrCAD_Projects/Digital_Voltmeter/Footprint/pad 

PSMPATH =  symbols 
           .. 
           ../symbols 
           c:/cadence/orcadx_25.1/share/local/pcb/symbols 
           c:/cadence/orcadx_25.1/share/pcb/pcb_lib/symbols 
           c:/cadence/orcadx_25.1/share/pcb/allegrolib/symbols 
           D:/OrCAD_Projects/Digital_Voltmeter/Footprint 
           C:/Cadence/OrCADX_25.1/share/pcb/pcb_lib/symbols 

PADPATH =  . 
           symbols 
           .. 
           ../symbols 
           c:/cadence/orcadx_25.1/share/local/pcb/padstacks 
           c:/cadence/orcadx_25.1/share/pcb/pcb_lib/symbols 
           c:/cadence/orcadx_25.1/share/pcb/allegrolib/symbols 
           D:/OrCAD_Projects/Digital_Voltmeter/Footprint 


------ Summary Statistics ------


netrev run on Mar 19 20:57:05 2026
   DESIGN NAME : 'SCHEMATICS'
   PACKAGING ON Feb  5 2026 13:43:38

   COMPILE 'logic'
   CHECK_PIN_NAMES OFF
   CROSS_REFERENCE OFF
   FEEDBACK OFF
   INCREMENTAL OFF
   INTERFACE_TYPE PHYSICAL
   MAX_ERRORS 500
   MERGE_MINIMUM 5
   NET_NAME_CHARS '#%&()*+-./:=>?@[]^_`|'
   NET_NAME_LENGTH 24
   OVERSIGHTS ON
   REPLACE_CHECK OFF
   SINGLE_NODE_NETS ON
   SPLIT_MINIMUM 0
   SUPPRESS   20
   WARNINGS ON

 No error detected
 No oversight detected
 No warning detected

cpu time      0:00:19
elapsed time  0:00:00

