../Src/main.c:53:6:Basic_Commands	8	static
../Src/main.c:63:6:Wifi_Conn_Commands	8	static
../Src/main.c:74:6:Wifi_acc	8	static
../Src/main.c:81:6:Thing_Speak_Command_Start	8	static
../Src/main.c:89:6:Data_Commands	8	static
../Src/main.c:109:6:Init_ESP8266	8	static
../Src/main.c:116:6:integer_to_ascii	16	static
../Src/main.c:128:6:Delay_ms	24	static
../Src/main.c:141:6:UART1_Read	4	static
../Src/main.c:148:6:UART1_Write	16	static
../Src/main.c:155:6:UART1_Init	4	static
../Src/main.c:187:5:__io_putchar	16	static
../Src/main.c:194:5:main	16	static
